// Jest Snapshot v1, https://goo.gl/fbAQLP

exports[` 1`] = `
<View
  style={
    Array [
      Object {
        "alignItems": "center",
        "flexDirection": "row",
        "justifyContent": "space-between",
        "paddingBottom": 0,
        "paddingLeft": 25,
        "paddingRight": 25,
        "paddingTop": 25,
        "width": "100%",
      },
    ]
  }
>
  <Image
    resizeMode="contain"
    source={
      Object {
        "testUri": "../../../assets/logo.png",
      }
    }
    style={
      Array [
        Object {
          "height": 40,
          "width": 20,
        },
      ]
    }
  />
  <View
    accessible={true}
    focusable={false}
    isTVSelectable={true}
    onClick={[Function]}
    onResponderGrant={[Function]}
    onResponderMove={[Function]}
    onResponderRelease={[Function]}
    onResponderTerminate={[Function]}
    onResponderTerminationRequest={[Function]}
    onStartShouldSetResponder={[Function]}
    style={
      Object {
        "opacity": 1,
      }
    }
  >
    <Text
      style={
        Array [
          Object {
            "color": "#fff",
            "fontSize": 18,
            "letterSpacing": 0.1,
          },
        ]
      }
    >
      SÃ©ries
    </Text>
  </View>
  <View
    accessible={true}
    focusable={false}
    isTVSelectable={true}
    onClick={[Function]}
    onResponderGrant={[Function]}
    onResponderMove={[Function]}
    onResponderRelease={[Function]}
    onResponderTerminate={[Function]}
    onResponderTerminationRequest={[Function]}
    onStartShouldSetResponder={[Function]}
    style={
      Object {
        "opacity": 1,
      }
    }
  >
    <Text
      style={
        Array [
          Object {
            "color": "#fff",
            "fontSize": 18,
            "letterSpacing": 0.1,
          },
        ]
      }
    >
      Filmes
    </Text>
  </View>
  <View
    accessible={true}
    focusable={false}
    isTVSelectable={true}
    onClick={[Function]}
    onResponderGrant={[Function]}
    onResponderMove={[Function]}
    onResponderRelease={[Function]}
    onResponderTerminate={[Function]}
    onResponderTerminationRequest={[Function]}
    onStartShouldSetResponder={[Function]}
    style={
      Object {
        "opacity": 1,
      }
    }
  >
    <Text
      style={
        Array [
          Object {
            "color": "#fff",
            "fontSize": 18,
            "letterSpacing": 0.1,
          },
        ]
      }
    >
      Minha lista
    </Text>
  </View>
</View>
`;
